Using pre-set license

 COMMAND LINE ARGUMENTS:
/Applications/Unity/Hub/Editor/2020.3.0f1/Unity.app/Contents/MacOS/Unity
-adb2
-batchMode
-noUpm
-name
AssetImportWorker0
-projectPath
/Users/marshalltugman/Desktop/Cat Project/GitHub/catScrambleGame/catScrambleGame
-logFile
Logs/AssetImportWorker0.log
-srvPort
49244
Successfully changed project path to: /Users/marshalltugman/Desktop/Cat Project/GitHub/catScrambleGame/catScrambleGame
/Users/marshalltugman/Desktop/Cat Project/GitHub/catScrambleGame/catScrambleGame
Using Asset Import Pipeline V2.
Refreshing native plugins compatible for Editor in 18.44 ms, found 1 plugins.
Preloading 0 native plugins for Editor in 0.00 ms.
Initialize engine version: 2020.3.0f1 (c7b5465681fb)
[Subsystems] Discovering subsystems at path /Applications/Unity/Hub/Editor/2020.3.0f1/Unity.app/Contents/Resources/UnitySubsystems
[Subsystems] Discovering subsystems at path /Users/marshalltugman/Desktop/Cat Project/GitHub/catScrambleGame/catScrambleGame/Assets
GfxDevice: creating device client; threaded=0
2025-04-27 14:31:27.537 Unity[36026:6098810] (null) preferred device: Apple M4 Pro (high power)
2025-04-27 14:31:27.538 Unity[36026:6098810] Metal devices available: 1
2025-04-27 14:31:27.538 Unity[36026:6098810] 0: Apple M4 Pro (high power)
2025-04-27 14:31:27.538 Unity[36026:6098810] Using device Apple M4 Pro (high power)
Initializing Metal device caps: Apple M4 Pro
Initialize mono
Mono path[0] = '/Applications/Unity/Hub/Editor/2020.3.0f1/Unity.app/Contents/Managed'
Mono path[1] = '/Applications/Unity/Hub/Editor/2020.3.0f1/Unity.app/Contents/MonoBleedingEdge/lib/mono/unityjit'
Mono config path = '/Applications/Unity/Hub/Editor/2020.3.0f1/Unity.app/Contents/MonoBleedingEdge/etc'
Using monoOptions --debugger-agent=transport=dt_socket,embedding=1,server=y,suspend=n,address=127.0.0.1:56026
Begin MonoManager ReloadAssembly
Registering precompiled unity dll's ...
Register platform support module: /Applications/Unity/Hub/Editor/2020.3.0f1/Unity.app/Contents/PlaybackEngines/MacStandaloneSupport/UnityEditor.OSXStandalone.Extensions.dll
Registered in 0.000254 seconds.
Native extension for OSXStandalone target not found
Refreshing native plugins compatible for Editor in 19.02 ms, found 1 plugins.
Preloading 0 native plugins for Editor in 0.00 ms.
Invoked RoslynAnalysisRunner static constructor.
RoslynAnalysisRunner will not be running.
RoslynAnalysisRunner has terminated.
Mono: successfully reloaded assembly
- Completed reload, in  0.979 seconds
Platform modules already initialized, skipping
Registering precompiled user dll's ...
Registered in 0.000177 seconds.
Begin MonoManager ReloadAssembly
Native extension for OSXStandalone target not found
Refreshing native plugins compatible for Editor in 0.20 ms, found 1 plugins.
Preloading 0 native plugins for Editor in 0.00 ms.
Invoked RoslynAnalysisRunner static constructor.
RoslynAnalysisRunner will not be running.
RoslynAnalysisRunner has terminated.
Mono: successfully reloaded assembly
- Completed reload, in  1.085 seconds
Platform modules already initialized, skipping
========================================================================
Worker process is ready to serve import requests
Launching external process: /Applications/Unity/Hub/Editor/2020.3.0f1/Unity.app/Contents/Tools/UnityShaderCompiler
Launched and connected shader compiler UnityShaderCompiler after 0.03 seconds
Refreshing native plugins compatible for Editor in 0.21 ms, found 1 plugins.
Preloading 0 native plugins for Editor in 0.00 ms.
Unloading 1136 Unused Serialized files (Serialized files now loaded: 0)
System memory in use before: 63.9 MB.
System memory in use after: 64.0 MB.

Unloading 9 unused Assets to reduce memory usage. Loaded Objects now: 1587.
Total: 0.904666 ms (FindLiveObjects: 0.084167 ms CreateObjectMapping: 0.015042 ms MarkObjects: 0.741833 ms  DeleteObjects: 0.062917 ms)

========================================================================
Received Import Request.
  path: Assets/Old Scenes/Tutorial.unity
  artifactKey: Guid(47c5dfc00556d4dd89471aa9bcb0feb5) Importer(815301076,1909f56bfc062723c751e8b465ee728b)
Start importing Assets/Old Scenes/Tutorial.unity using Guid(47c5dfc00556d4dd89471aa9bcb0feb5) Importer(815301076,1909f56bfc062723c751e8b465ee728b)  -> (artifact id: '933d5d376394e0944c0e01e1df4d27f7') in 0.014639 seconds
  Import took 0.016318 seconds .

========================================================================
Received Import Request.
  Time since last request: 2.005869 seconds.
  path: Assets/Old Scenes/Tutorial.unity
  artifactKey: Guid(47c5dfc00556d4dd89471aa9bcb0feb5) Importer(815301076,1909f56bfc062723c751e8b465ee728b)
Start importing Assets/Old Scenes/Tutorial.unity using Guid(47c5dfc00556d4dd89471aa9bcb0feb5) Importer(815301076,1909f56bfc062723c751e8b465ee728b)  -> (artifact id: '933d5d376394e0944c0e01e1df4d27f7') in 0.001130 seconds
  Import took 0.002315 seconds .

========================================================================
Received Prepare
Registering precompiled user dll's ...
Registered in 0.000234 seconds.
Begin MonoManager ReloadAssembly
Native extension for OSXStandalone target not found
Refreshing native plugins compatible for Editor in 0.19 ms, found 1 plugins.
Preloading 0 native plugins for Editor in 0.00 ms.
Invoked RoslynAnalysisRunner static constructor.
RoslynAnalysisRunner will not be running.
RoslynAnalysisRunner has terminated.
Mono: successfully reloaded assembly
- Completed reload, in  0.936 seconds
Platform modules already initialized, skipping
Refreshing native plugins compatible for Editor in 0.09 ms, found 1 plugins.
Preloading 0 native plugins for Editor in 0.00 ms.
Unloading 1130 Unused Serialized files (Serialized files now loaded: 0)
System memory in use before: 65.0 MB.
System memory in use after: 65.1 MB.

Unloading 4 unused Assets to reduce memory usage. Loaded Objects now: 1590.
Total: 0.846708 ms (FindLiveObjects: 0.079750 ms CreateObjectMapping: 0.017125 ms MarkObjects: 0.735709 ms  DeleteObjects: 0.013541 ms)

========================================================================
Received Import Request.
  Time since last request: 60.103905 seconds.
  path: Assets/Scenes 1/ScoreUI.prefab
  artifactKey: Guid(e17bbe0b3eb274e97a850e3664ed173a) Importer(815301076,1909f56bfc062723c751e8b465ee728b)
Start importing Assets/Scenes 1/ScoreUI.prefab using Guid(e17bbe0b3eb274e97a850e3664ed173a) Importer(815301076,1909f56bfc062723c751e8b465ee728b)  -> (artifact id: '86946f15d679379a0ff211e9bfc2c0ec') in 0.098870 seconds
  Import took 0.100154 seconds .

========================================================================
Received Import Request.
  Time since last request: 26.477474 seconds.
  path: Assets/Old Scenes/Tutorial.unity
  artifactKey: Guid(47c5dfc00556d4dd89471aa9bcb0feb5) Importer(815301076,1909f56bfc062723c751e8b465ee728b)
Start importing Assets/Old Scenes/Tutorial.unity using Guid(47c5dfc00556d4dd89471aa9bcb0feb5) Importer(815301076,1909f56bfc062723c751e8b465ee728b)  -> (artifact id: '7ad9622a22fefe7931b0f2efd79b4448') in 0.001868 seconds
  Import took 0.003392 seconds .

========================================================================
Received Import Request.
  Time since last request: 0.002974 seconds.
  path: Assets/Old Scenes/Tutorial.unity
  artifactKey: Guid(47c5dfc00556d4dd89471aa9bcb0feb5) Importer(815301076,1909f56bfc062723c751e8b465ee728b)
Start importing Assets/Old Scenes/Tutorial.unity using Guid(47c5dfc00556d4dd89471aa9bcb0feb5) Importer(815301076,1909f56bfc062723c751e8b465ee728b)  -> (artifact id: '7ad9622a22fefe7931b0f2efd79b4448') in 0.000760 seconds
  Import took 0.001914 seconds .

========================================================================
Received Prepare
Registering precompiled user dll's ...
Registered in 0.000226 seconds.
Begin MonoManager ReloadAssembly
Native extension for OSXStandalone target not found
Refreshing native plugins compatible for Editor in 0.19 ms, found 1 plugins.
Preloading 0 native plugins for Editor in 0.00 ms.
Invoked RoslynAnalysisRunner static constructor.
RoslynAnalysisRunner will not be running.
RoslynAnalysisRunner has terminated.
Mono: successfully reloaded assembly
- Completed reload, in  0.929 seconds
Platform modules already initialized, skipping
Refreshing native plugins compatible for Editor in 0.09 ms, found 1 plugins.
Preloading 0 native plugins for Editor in 0.00 ms.
Unloading 1130 Unused Serialized files (Serialized files now loaded: 0)
System memory in use before: 69.8 MB.
System memory in use after: 69.9 MB.

Unloading 5 unused Assets to reduce memory usage. Loaded Objects now: 1595.
Total: 0.781667 ms (FindLiveObjects: 0.090625 ms CreateObjectMapping: 0.018459 ms MarkObjects: 0.656584 ms  DeleteObjects: 0.015375 ms)

========================================================================
Received Import Request.
  Time since last request: 45.817941 seconds.
  path: Assets/Scenes 1/Tutorial.unity
  artifactKey: Guid(ddd872f7ec0b142c59876081d8aee120) Importer(815301076,1909f56bfc062723c751e8b465ee728b)
Start importing Assets/Scenes 1/Tutorial.unity using Guid(ddd872f7ec0b142c59876081d8aee120) Importer(815301076,1909f56bfc062723c751e8b465ee728b)  -> (artifact id: 'e15b3cace5abaa13e9d111c3e86ea474') in 0.015834 seconds
  Import took 0.017656 seconds .

========================================================================
Received Prepare
Registering precompiled user dll's ...
Registered in 0.000256 seconds.
Begin MonoManager ReloadAssembly
Native extension for OSXStandalone target not found
Refreshing native plugins compatible for Editor in 0.19 ms, found 1 plugins.
Preloading 0 native plugins for Editor in 0.00 ms.
Invoked RoslynAnalysisRunner static constructor.
RoslynAnalysisRunner will not be running.
RoslynAnalysisRunner has terminated.
Mono: successfully reloaded assembly
- Completed reload, in  0.956 seconds
Platform modules already initialized, skipping
Refreshing native plugins compatible for Editor in 0.12 ms, found 1 plugins.
Preloading 0 native plugins for Editor in 0.00 ms.
Unloading 1130 Unused Serialized files (Serialized files now loaded: 0)
System memory in use before: 71.0 MB.
System memory in use after: 71.1 MB.

Unloading 4 unused Assets to reduce memory usage. Loaded Objects now: 1598.
Total: 0.789750 ms (FindLiveObjects: 0.100667 ms CreateObjectMapping: 0.013666 ms MarkObjects: 0.667000 ms  DeleteObjects: 0.007958 ms)

========================================================================
Received Prepare
Registering precompiled user dll's ...
Registered in 0.000274 seconds.
Begin MonoManager ReloadAssembly
Native extension for OSXStandalone target not found
Refreshing native plugins compatible for Editor in 0.19 ms, found 1 plugins.
Preloading 0 native plugins for Editor in 0.00 ms.
Invoked RoslynAnalysisRunner static constructor.
RoslynAnalysisRunner will not be running.
RoslynAnalysisRunner has terminated.
Mono: successfully reloaded assembly
- Completed reload, in  0.941 seconds
Platform modules already initialized, skipping
Refreshing native plugins compatible for Editor in 0.13 ms, found 1 plugins.
Preloading 0 native plugins for Editor in 0.00 ms.
Unloading 1130 Unused Serialized files (Serialized files now loaded: 0)
System memory in use before: 72.2 MB.
System memory in use after: 72.3 MB.

Unloading 4 unused Assets to reduce memory usage. Loaded Objects now: 1601.
Total: 0.878625 ms (FindLiveObjects: 0.073833 ms CreateObjectMapping: 0.014083 ms MarkObjects: 0.778167 ms  DeleteObjects: 0.011791 ms)

